// Jest Snapshot v1, https://goo.gl/fbAQLP

exports[`Shipstatus matches snapshot 1`] = `
<span
  className="inline-flex items-center px-3 py-0.5 rounded-full text-sm font-medium leading-5 bg-green-100 text-green-800"
>
  Flight Ready
</span>
`;
