// Jest Snapshot v1, https://goo.gl/fbAQLP

exports[`ShipCard matches snapshot 1`] = `
<div
  className="flex flex-col rounded-lg shadow-lg overflow-hidden"
>
  <div
    className="flex-1 dark:bg-gray-800 p-6 flex flex-col justify-between bg-white"
  >
    <div
      className="flex-1"
    >
      <a
        className="text-base text-gray-500"
        href="#"
      >
        Robert Space Industries
      </a>
      <div
        className="float-right"
      >
        <Shipstatus
          status={
            Object {
              "value": "Flight Ready",
            }
          }
        />
      </div>
      <h3
        className="mt-2 text-xl leading-7 font-semibold text-gray-900 dark:text-white"
      >
        Constellation Aquila
      </h3>
      <div
        className="mt-3 sm:mx-6"
      >
        <dl
          className="grid grid-cols-1 col-gap-4 row-gap-8 sm:grid-cols-2"
        >
          <div
            className="sm:col-span-1"
          >
            <dt
              className="text-sm leading-5 font-medium text-gray-500"
            >
              Cargokapatzit√§t
            </dt>
            <dd
              className="mt-1 text-sm leading-5 text-gray-900 dark:text-gray-300"
            >
              10
            </dd>
          </div>
          <div
            className="sm:col-span-1"
          >
            <dt
              className="text-sm leading-5 font-medium text-gray-500 "
            >
              Preis
            </dt>
            <dd
              className="mt-1 text-sm leading-5 text-gray-900 dark:text-gray-300"
            >
              10
               aUEC
            </dd>
          </div>
        </dl>
      </div>
    </div>
  </div>
</div>
`;
