// Jest Snapshot v1, https://goo.gl/fbAQLP

exports[`AppHeader matches snapshot 1`] = `
<header
  className="bg-white dark:bg-gray-800 py-2 px-3 flex items-center sticky top-0"
>
  <div
    className="mr-auto flex items-center"
  >
    <Link
      href="#"
    >
      <a
        className="flex-grow text-xl font-black text-black dark:text-white dark:hover:text-black"
        title="home"
      >
        Star Citizen Info
      </a>
    </Link>
  </div>
  <div>
    <Dropdown
      buttonLabel={<FiMoreHorizontal />}
    >
      <ul
        className="w-40 space-y-4 py-2 text-sm"
      >
        <li
          className="flex items-center justify-between"
        >
          <span
            className="mr-auto text-gray-600"
          >
            Theme
          </span>
          <ThemeSwitch />
        </li>
      </ul>
    </Dropdown>
  </div>
</header>
`;
